<html>
<body>
<pre>
<h1>µVision Build Log</h1>
<h2>Tool Versions:</h2>
IDE-Version: ¦ÌVision V5.38.0.0
Copyright (C) 2022 ARM Ltd and ARM Germany GmbH. All rights reserved.
License Information: jin hemu, djtu, LIC=9N0AE-5RQAJ-RFCIZ-JR628-AJNCM-N4693
 
Tool Versions:
Toolchain:       MDK-ARM Professional  Version: 5.37.0.0
Toolchain Path:  D:\Keil\ARM\ARMCLANG\Bin
C Compiler:      ArmClang.exe V6.18
Assembler:       Armasm.exe V6.18
Linker/Locator:  ArmLink.exe V6.18
Library Manager: ArmAr.exe V6.18
Hex Converter:   FromElf.exe V6.18
CPU DLL:         SARMCM3.DLL V5.37.0.0
Dialog DLL:      DCM.DLL V1.17.5.0
Target DLL:      CMSIS_AGDI.dll V1.33.12.0
Dialog DLL:      TCM.DLL V1.56.1.0
 
<h2>Project:</h2>
C:\Users\49075\Desktop\Unity motion capture\Unity-motion-capture\1064\E05_04_imu660ra_demo\mdk\rt1064.uvprojx
Project File Date:  05/27/2023

<h2>Output:</h2>
*** Using Compiler 'V6.18', folder: 'D:\Keil\ARM\ARMCLANG\Bin'
Build target 'nor_sdram_zf_dtcm'
compiling main.c...
linking...
Program Size: Code=41048 RO-data=13056 RW-data=152 ZI-data=11084  
".\Objects\rt1064.axf" - 0 Error(s), 0 Warning(s).

<h2>Software Packages used:</h2>

Package Vendor: NXP
                https://mcuxpresso.nxp.com/cmsis_pack/repo/NXP.MIMXRT1064_DFP.15.0.0.pack
                NXP.MIMXRT1064_DFP.15.0.0
                Device Family Pack for MIMXRT1064

<h2>Collection of Component include folders:</h2>
  D:/Keil/NXP/MIMXRT1064_DFP/15.0.0

<h2>Collection of Component Files used:</h2>
Build Time Elapsed:  00:00:01
</pre>
</body>
</html>
